
≡ƒº¬ ZYRA FULL TEST SUITE
ΓòÉΓòÉΓòÉΓòÉΓòÉΓòÉΓòÉΓòÉΓòÉΓòÉΓòÉΓòÉΓòÉΓòÉΓòÉΓòÉΓòÉΓòÉΓòÉΓòÉΓòÉΓòÉΓòÉΓòÉΓòÉΓòÉΓòÉΓòÉΓòÉΓòÉΓòÉΓòÉΓòÉΓòÉΓòÉΓòÉΓòÉΓòÉΓòÉΓòÉΓòÉΓòÉΓòÉΓòÉΓòÉΓòÉΓòÉΓòÉΓòÉΓòÉ

≡ƒôí Health Check

≡ƒöæ Authentication

≡ƒöÉ API Keys

ΓÜÖ∩╕Å  Organization Settings

≡ƒÆ░ Optimizer Settings

≡ƒöä Reliability Settings

≡ƒôè Analytics Endpoints

≡ƒÆ╡ Savings & Cost Analytics

≡ƒºá Cost Optimizer Logic

≡ƒ¢í∩╕Å  Quality Guard Logic

≡ƒÆ▓ Cost Calculator

≡ƒöÇ Proxy Pipeline

≡ƒ¢í∩╕Å  Firewall Policies

≡ƒôï Logs

ΓòÉΓòÉΓòÉΓòÉΓòÉΓòÉΓòÉΓòÉΓòÉΓòÉΓòÉΓòÉΓòÉΓòÉΓòÉΓòÉΓòÉΓòÉΓòÉΓòÉΓòÉΓòÉΓòÉΓòÉΓòÉΓòÉΓòÉΓòÉΓòÉΓòÉΓòÉΓòÉΓòÉΓòÉΓòÉΓòÉΓòÉΓòÉΓòÉΓòÉΓòÉΓòÉΓòÉΓòÉΓòÉΓòÉΓòÉΓòÉΓòÉΓòÉ
≡ƒôï RESULTS
ΓòÉΓòÉΓòÉΓòÉΓòÉΓòÉΓòÉΓòÉΓòÉΓòÉΓòÉΓòÉΓòÉΓòÉΓòÉΓòÉΓòÉΓòÉΓòÉΓòÉΓòÉΓòÉΓòÉΓòÉΓòÉΓòÉΓòÉΓòÉΓòÉΓòÉΓòÉΓòÉΓòÉΓòÉΓòÉΓòÉΓòÉΓòÉΓòÉΓòÉΓòÉΓòÉΓòÉΓòÉΓòÉΓòÉΓòÉΓòÉΓòÉΓòÉ
  Γ£à Server is running
  Γ¥î Register new user: No token received
  Γ£à Login with credentials
  Γ£à Protected route without token returns 401
  Γ£à Create API key
  Γ£à List API keys
  Γ£à GET /api/org/providers
  Γ£à GET /api/org/policies
  Γ£à GET /api/org/billing
  Γ£à GET /api/org/members
  Γ£à GET /api/org/optimizer ΓÇö default state
  Γ£à PUT /api/org/optimizer ΓÇö enable auto-optimize
  Γ£à PUT /api/org/optimizer ΓÇö disable auto-optimize
  Γ£à GET /api/org/reliability ΓÇö default state
  Γ£à PUT /api/org/reliability ΓÇö configure retry
  Γ£à GET /api/analytics/overview
  Γ£à GET /api/analytics/usage?period=7d
  Γ£à GET /api/analytics/usage?period=30d
  Γ£à GET /api/analytics/top-users
  Γ£à GET /api/analytics/high-risk
  Γ£à GET /api/analytics/savings ΓÇö matches spec format
  Γ£à GET /api/analytics/savings?days=7 ΓÇö custom period
  Γ£à GET /api/analytics/cost-breakdown
  Γ£à GET /api/analytics/cost-comparison ΓÇö NEW endpoint
  Γ£à GET /api/analytics/value-report
  Γ£à Prompt complexity: simple question ΓåÆ economy
  Γ£à Prompt complexity: code request ΓåÆ complex
  Γ£à Prompt complexity: step-by-step ΓåÆ complex
  Γ£à Prompt complexity: normal question ΓåÆ standard
  Γ£à Optimizer: downgrades gpt-4o to cheaper when keys available
  Γ£à Optimizer: does nothing when auto-optimize is off
  Γ£à Optimizer: returns correct response schema
  Γ£à Quality guard: passes valid response
  Γ£à Quality guard: catches empty response
  Γ£à Quality guard: catches too-short response for long prompt
  Γ£à Quality guard: catches refusal pattern
  Γ£à Quality guard: allows short responses for simple prompts
  Γ£à Quality guard: getQualityFallbackModel returns higher tier
  Γ£à calculateCost returns correct value
  Γ¥î getModelTier classifies correctly: gpt-4o-mini should be standard
  Γ£à getCheapestInTier sorts by cost
  Γ£à Proxy rejects unsupported provider
  Γ£à Proxy rejects missing API key
  Γ£à Proxy rejects with no provider key configured
  Γ£à Update policies
  Γ£à Read updated policies
  Γ£à GET /api/logs returns empty array for new org
ΓöÇΓöÇΓöÇΓöÇΓöÇΓöÇΓöÇΓöÇΓöÇΓöÇΓöÇΓöÇΓöÇΓöÇΓöÇΓöÇΓöÇΓöÇΓöÇΓöÇΓöÇΓöÇΓöÇΓöÇΓöÇΓöÇΓöÇΓöÇΓöÇΓöÇΓöÇΓöÇΓöÇΓöÇΓöÇΓöÇΓöÇΓöÇΓöÇΓöÇΓöÇΓöÇΓöÇΓöÇΓöÇΓöÇΓöÇΓöÇΓöÇΓöÇ
  TOTAL: 47 | Γ£à PASSED: 45 | Γ¥î FAILED: 2
ΓòÉΓòÉΓòÉΓòÉΓòÉΓòÉΓòÉΓòÉΓòÉΓòÉΓòÉΓòÉΓòÉΓòÉΓòÉΓòÉΓòÉΓòÉΓòÉΓòÉΓòÉΓòÉΓòÉΓòÉΓòÉΓòÉΓòÉΓòÉΓòÉΓòÉΓòÉΓòÉΓòÉΓòÉΓòÉΓòÉΓòÉΓòÉΓòÉΓòÉΓòÉΓòÉΓòÉΓòÉΓòÉΓòÉΓòÉΓòÉΓòÉΓòÉ
