ZYRA FULL TEST SUITE
==================================================

[Health Check]
  [PASS] Server is running

[Authentication]
  [PASS] Register new user
  [PASS] Login after register
  [PASS] Protected route without token = 401

[API Keys]
  [PASS] Create API key
  [PASS] List API keys

[Org Settings]
  [PASS] GET /api/org/providers
  [PASS] GET /api/org/policies
  [PASS] GET /api/org/billing
  [PASS] GET /api/org/members

[Optimizer Settings]
  [PASS] GET /api/org/optimizer
  [PASS] PUT optimizer ON
  [PASS] PUT optimizer OFF

[Reliability Settings]
  [PASS] GET /api/org/reliability
  [PASS] PUT reliability config

[Analytics Endpoints]
  [PASS] GET /api/analytics/overview
  [PASS] GET /api/analytics/usage?period=7d
  [PASS] GET /api/analytics/top-users
  [PASS] GET /api/analytics/high-risk

[Savings & Cost Analytics]
  [PASS] GET /api/analytics/savings - spec format
  [PASS] GET /api/analytics/savings?days=7
  [PASS] GET /api/analytics/cost-breakdown
  [PASS] GET /api/analytics/cost-comparison
  [PASS] GET /api/analytics/value-report

[Cost Optimizer Logic]
  [PASS] Complexity: simple question = simple
  [PASS] Complexity: code request = complex
  [PASS] Complexity: step-by-step = complex
  [PASS] Complexity: normal question = standard
  [PASS] Optimizer: downgrades when keys available
  [PASS] Optimizer: does nothing when off
  [PASS] Optimizer: response has correct schema

[Quality Guard Logic]
  [PASS] QG: passes valid response
  [PASS] QG: catches empty response
  [PASS] QG: catches too short for long prompt
  [PASS] QG: catches refusal pattern
  [PASS] QG: allows short answer for simple prompt
  [PASS] QG: returns higher-tier fallback

[Cost Calculator]
  [PASS] calculateCost returns correct value
  [PASS] Model tier classification
  [PASS] getCheapestInTier sorts correctly

[Proxy Pipeline]
  [PASS] Proxy rejects bad provider
  [PASS] Proxy rejects missing auth
  [PASS] Proxy rejects no provider key configured

[Firewall Policies]
  [PASS] Update policies
  [PASS] Read policies

[Logs]
  [PASS] GET /api/logs for new org

==================================================
RESULTS
==================================================
  [PASS] Server is running
  [PASS] Register new user
  [PASS] Login after register
  [PASS] Protected route without token = 401
  [PASS] Create API key
  [PASS] List API keys
  [PASS] GET /api/org/providers
  [PASS] GET /api/org/policies
  [PASS] GET /api/org/billing
  [PASS] GET /api/org/members
  [PASS] GET /api/org/optimizer
  [PASS] PUT optimizer ON
  [PASS] PUT optimizer OFF
  [PASS] GET /api/org/reliability
  [PASS] PUT reliability config
  [PASS] GET /api/analytics/overview
  [PASS] GET /api/analytics/usage?period=7d
  [PASS] GET /api/analytics/top-users
  [PASS] GET /api/analytics/high-risk
  [PASS] GET /api/analytics/savings - spec format
  [PASS] GET /api/analytics/savings?days=7
  [PASS] GET /api/analytics/cost-breakdown
  [PASS] GET /api/analytics/cost-comparison
  [PASS] GET /api/analytics/value-report
  [PASS] Complexity: simple question = simple
  [PASS] Complexity: code request = complex
  [PASS] Complexity: step-by-step = complex
  [PASS] Complexity: normal question = standard
  [PASS] Optimizer: downgrades when keys available
  [PASS] Optimizer: does nothing when off
  [PASS] Optimizer: response has correct schema
  [PASS] QG: passes valid response
  [PASS] QG: catches empty response
  [PASS] QG: catches too short for long prompt
  [PASS] QG: catches refusal pattern
  [PASS] QG: allows short answer for simple prompt
  [PASS] QG: returns higher-tier fallback
  [PASS] calculateCost returns correct value
  [PASS] Model tier classification
  [PASS] getCheapestInTier sorts correctly
  [PASS] Proxy rejects bad provider
  [PASS] Proxy rejects missing auth
  [PASS] Proxy rejects no provider key configured
  [PASS] Update policies
  [PASS] Read policies
  [PASS] GET /api/logs for new org
--------------------------------------------------
  TOTAL: 46 | PASSED: 46 | FAILED: 0
==================================================
